A51 MACRO ASSEMBLER  LARGE                                                                08/06/2019 09:14:16 PAGE     1


MACRO ASSEMBLER A51 V8.2.7.0
OBJECT MODULE PLACED IN .\Objects\large.obj
ASSEMBLER INVOKED BY: C:\Keil_v5\C51\BIN\A51.EXE ..\Desktop\large.asm SET(SMALL) DEBUG PRINT(.\Listings\large.lst) OBJEC
                      T(.\Objects\large.obj) EP

LOC  OBJ            LINE     SOURCE

0000                   1     ORG 00h
0000 7850              2     MOV R0,#50H
0002 86F0              3     MOV B,@R0
0004 7A00              4     MOV R2,#00H
0006 E4                5     CLR A
0007 08                6     LOOP2: INC R0
0008 26                7                     ADD A,@R0
0009 5001              8                     JNC LOOP1
000B 0A                9                     INC R2
000C D5F0F8           10     LOOP1: DJNZ B,LOOP2
000F F580             11                     MOV P0,A
0011 8A90             12                     MOV P1,R2
                      13                     END
A51 MACRO ASSEMBLER  LARGE                                                                08/06/2019 09:14:16 PAGE     2

SYMBOL TABLE LISTING
------ ----- -------


N A M E             T Y P E  V A L U E   ATTRIBUTES

B. . . . . . . . .  D ADDR   00F0H   A   
LOOP1. . . . . . .  C ADDR   000CH   A   
LOOP2. . . . . . .  C ADDR   0007H   A   
P0 . . . . . . . .  D ADDR   0080H   A   
P1 . . . . . . . .  D ADDR   0090H   A   


REGISTER BANK(S) USED: 0 


ASSEMBLY COMPLETE.  0 WARNING(S), 0 ERROR(S)
